main.c:46:5:main	8	static
main.c:62:6:task1_handler	8	static
main.c:69:6:task2_handler	8	static
main.c:76:6:task3_handler	8	static
main.c:83:6:task4_handler	8	static
main.c:92:6:init_systick_timer	32	static
main.c:112:29:init_scheduler_stack	0	static,ignoring_inline_asm
main.c:120:6:init_tasks_stack	24	static
main.c:146:6:enable_processor_faults	16	static
main.c:155:10:get_psp_value	4	static
main.c:161:6:save_psp_value	16	static
main.c:166:6:update_next_stack	4	static
main.c:173:29:switch_sp_to_psp	0	static,ignoring_inline_asm
main.c:186:29:SysTick_Handler	0	static,ignoring_inline_asm
main.c:213:7:HardFault_Handler	8	static
main.c:218:6:MemManage_Handler	8	static
main.c:223:6:BusFault_Handler	8	static
